________   _______________________  __.
\______ \  \_____  \__    ___/    |/ _|
 |    |  \  /   |   \|    |  |      <  
 |    `   \/    |    \    |  |    |  \ 
/_______  /\_______  /____|  |____|__ \
        \/         \/                \/
                                       
          Defense of The Kernel        